mode: set
github.com/gogf/gf/contrib/drivers/seata/v2/async_worker.go:41.52,50.2 1 1
github.com/gogf/gf/contrib/drivers/seata/v2/async_worker.go:101.73,102.19 1 1
github.com/gogf/gf/contrib/drivers/seata/v2/async_worker.go:102.19,104.3 1 0
github.com/gogf/gf/contrib/drivers/seata/v2/async_worker.go:106.2,119.15 3 1
github.com/gogf/gf/contrib/drivers/seata/v2/async_worker.go:123.32,127.16 3 1
github.com/gogf/gf/contrib/drivers/seata/v2/async_worker.go:127.16,129.3 1 0
github.com/gogf/gf/contrib/drivers/seata/v2/async_worker.go:131.2,134.48 2 1
github.com/gogf/gf/contrib/drivers/seata/v2/async_worker.go:134.48,143.3 4 1
github.com/gogf/gf/contrib/drivers/seata/v2/async_worker.go:146.2,150.99 4 1
github.com/gogf/gf/contrib/drivers/seata/v2/async_worker.go:154.31,158.17 3 1
github.com/gogf/gf/contrib/drivers/seata/v2/async_worker.go:158.17,160.3 1 1
github.com/gogf/gf/contrib/drivers/seata/v2/async_worker.go:162.2,174.57 6 1
github.com/gogf/gf/contrib/drivers/seata/v2/async_worker.go:178.71,182.17 3 1
github.com/gogf/gf/contrib/drivers/seata/v2/async_worker.go:182.17,185.3 1 0
github.com/gogf/gf/contrib/drivers/seata/v2/async_worker.go:188.2,194.9 2 1
github.com/gogf/gf/contrib/drivers/seata/v2/async_worker.go:195.28,198.13 3 1
github.com/gogf/gf/contrib/drivers/seata/v2/async_worker.go:199.10,202.40 2 0
github.com/gogf/gf/contrib/drivers/seata/v2/async_worker.go:207.24,212.6 3 1
github.com/gogf/gf/contrib/drivers/seata/v2/async_worker.go:212.6,213.10 1 1
github.com/gogf/gf/contrib/drivers/seata/v2/async_worker.go:214.41,215.11 1 1
github.com/gogf/gf/contrib/drivers/seata/v2/async_worker.go:215.11,219.5 2 1
github.com/gogf/gf/contrib/drivers/seata/v2/async_worker.go:222.4,222.23 1 1
github.com/gogf/gf/contrib/drivers/seata/v2/async_worker.go:224.30,227.10 2 1
github.com/gogf/gf/contrib/drivers/seata/v2/async_worker.go:233.48,235.15 2 1
github.com/gogf/gf/contrib/drivers/seata/v2/async_worker.go:235.15,238.3 2 1
github.com/gogf/gf/contrib/drivers/seata/v2/async_worker.go:241.2,245.51 3 1
github.com/gogf/gf/contrib/drivers/seata/v2/async_worker.go:245.51,247.17 2 1
github.com/gogf/gf/contrib/drivers/seata/v2/async_worker.go:247.17,253.4 3 1
github.com/gogf/gf/contrib/drivers/seata/v2/async_worker.go:255.3,257.37 2 0
github.com/gogf/gf/contrib/drivers/seata/v2/async_worker.go:257.37,263.4 3 0
github.com/gogf/gf/contrib/drivers/seata/v2/async_worker.go:267.2,269.45 2 0
github.com/gogf/gf/contrib/drivers/seata/v2/async_worker.go:273.41,281.6 5 1
github.com/gogf/gf/contrib/drivers/seata/v2/async_worker.go:281.6,282.10 1 1
github.com/gogf/gf/contrib/drivers/seata/v2/async_worker.go:283.19,285.22 1 0
github.com/gogf/gf/contrib/drivers/seata/v2/async_worker.go:285.22,288.5 2 0
github.com/gogf/gf/contrib/drivers/seata/v2/async_worker.go:290.24,292.22 1 1
github.com/gogf/gf/contrib/drivers/seata/v2/async_worker.go:292.22,294.5 1 0
github.com/gogf/gf/contrib/drivers/seata/v2/async_worker.go:295.4,295.10 1 1
github.com/gogf/gf/contrib/drivers/seata/v2/async_worker.go:301.58,302.21 1 0
github.com/gogf/gf/contrib/drivers/seata/v2/async_worker.go:302.21,304.3 1 0
github.com/gogf/gf/contrib/drivers/seata/v2/async_worker.go:306.2,306.79 1 0
github.com/gogf/gf/contrib/drivers/seata/v2/async_worker.go:314.76,316.18 1 1
github.com/gogf/gf/contrib/drivers/seata/v2/async_worker.go:316.18,318.3 1 1
github.com/gogf/gf/contrib/drivers/seata/v2/async_worker.go:320.2,324.12 4 0
github.com/gogf/gf/contrib/drivers/seata/v2/async_worker.go:328.58,342.2 3 1
github.com/gogf/gf/contrib/drivers/seata/v2/async_worker.go:345.47,346.32 1 1
github.com/gogf/gf/contrib/drivers/seata/v2/async_worker.go:346.32,348.3 1 1
github.com/gogf/gf/contrib/drivers/seata/v2/async_worker.go:349.2,349.57 1 1
github.com/gogf/gf/contrib/drivers/seata/v2/async_worker.go:353.49,354.30 1 1
github.com/gogf/gf/contrib/drivers/seata/v2/async_worker.go:354.30,356.3 1 1
github.com/gogf/gf/contrib/drivers/seata/v2/async_worker.go:357.2,357.76 1 1
github.com/gogf/gf/contrib/drivers/seata/v2/async_worker.go:362.39,366.2 3 1
github.com/gogf/gf/contrib/drivers/seata/v2/async_worker.go:368.41,372.2 3 1
github.com/gogf/gf/contrib/drivers/seata/v2/async_worker.go:374.40,378.2 3 0
github.com/gogf/gf/contrib/drivers/seata/v2/async_worker.go:380.39,384.2 3 0
github.com/gogf/gf/contrib/drivers/seata/v2/async_worker.go:386.52,390.2 3 1
github.com/gogf/gf/contrib/drivers/seata/v2/async_worker.go:392.58,396.2 3 1
github.com/gogf/gf/contrib/drivers/seata/v2/config.go:109.30,133.2 1 1
github.com/gogf/gf/contrib/drivers/seata/v2/config.go:136.52,137.16 1 1
github.com/gogf/gf/contrib/drivers/seata/v2/config.go:138.12,139.29 1 1
github.com/gogf/gf/contrib/drivers/seata/v2/config.go:140.12,141.29 1 1
github.com/gogf/gf/contrib/drivers/seata/v2/config.go:142.13,143.30 1 0
github.com/gogf/gf/contrib/drivers/seata/v2/config.go:144.14,145.31 1 0
github.com/gogf/gf/contrib/drivers/seata/v2/config.go:146.10,147.29 1 1
github.com/gogf/gf/contrib/drivers/seata/v2/config.go:152.45,153.20 1 1
github.com/gogf/gf/contrib/drivers/seata/v2/config.go:153.20,155.3 1 1
github.com/gogf/gf/contrib/drivers/seata/v2/config.go:156.2,156.25 1 1
github.com/gogf/gf/contrib/drivers/seata/v2/context.go:18.80,29.2 4 1
github.com/gogf/gf/contrib/drivers/seata/v2/context.go:32.146,38.48 3 0
github.com/gogf/gf/contrib/drivers/seata/v2/context.go:38.48,40.3 1 0
github.com/gogf/gf/contrib/drivers/seata/v2/context.go:43.2,47.16 3 0
github.com/gogf/gf/contrib/drivers/seata/v2/context.go:47.16,50.3 2 0
github.com/gogf/gf/contrib/drivers/seata/v2/context.go:52.2,52.29 1 0
github.com/gogf/gf/contrib/drivers/seata/v2/context.go:56.54,58.2 1 1
github.com/gogf/gf/contrib/drivers/seata/v2/context.go:61.58,63.2 1 1
github.com/gogf/gf/contrib/drivers/seata/v2/db.go:28.63,30.2 1 0
github.com/gogf/gf/contrib/drivers/seata/v2/db.go:33.94,35.36 1 0
github.com/gogf/gf/contrib/drivers/seata/v2/db.go:35.36,39.3 2 0
github.com/gogf/gf/contrib/drivers/seata/v2/db.go:42.2,43.44 2 0
github.com/gogf/gf/contrib/drivers/seata/v2/db.go:47.105,49.36 1 0
github.com/gogf/gf/contrib/drivers/seata/v2/db.go:49.36,53.3 2 0
github.com/gogf/gf/contrib/drivers/seata/v2/db.go:56.2,57.43 2 0
github.com/gogf/gf/contrib/drivers/seata/v2/db.go:61.99,65.16 2 0
github.com/gogf/gf/contrib/drivers/seata/v2/db.go:65.16,67.3 1 0
github.com/gogf/gf/contrib/drivers/seata/v2/db.go:70.2,77.8 1 0
github.com/gogf/gf/contrib/drivers/seata/v2/db.go:81.117,84.16 2 0
github.com/gogf/gf/contrib/drivers/seata/v2/db.go:84.16,86.3 1 0
github.com/gogf/gf/contrib/drivers/seata/v2/db.go:89.2,89.15 1 0
github.com/gogf/gf/contrib/drivers/seata/v2/db.go:89.15,90.31 1 0
github.com/gogf/gf/contrib/drivers/seata/v2/db.go:90.31,92.12 2 0
github.com/gogf/gf/contrib/drivers/seata/v2/db.go:96.2,96.34 1 0
github.com/gogf/gf/contrib/drivers/seata/v2/db.go:96.34,99.3 2 0
github.com/gogf/gf/contrib/drivers/seata/v2/db.go:102.2,102.20 1 0
github.com/gogf/gf/contrib/drivers/seata/v2/db.go:106.68,108.24 1 1
github.com/gogf/gf/contrib/drivers/seata/v2/db.go:108.24,110.3 1 1
github.com/gogf/gf/contrib/drivers/seata/v2/db.go:113.2,113.27 1 1
github.com/gogf/gf/contrib/drivers/seata/v2/db.go:117.49,119.2 1 1
github.com/gogf/gf/contrib/drivers/seata/v2/db.go:122.45,124.2 1 1
github.com/gogf/gf/contrib/drivers/seata/v2/db.go:129.66,137.2 2 0
github.com/gogf/gf/contrib/drivers/seata/v2/db.go:140.67,143.2 1 1
github.com/gogf/gf/contrib/drivers/seata/v2/db.go:153.23,155.36 1 0
github.com/gogf/gf/contrib/drivers/seata/v2/db.go:155.36,157.3 1 0
github.com/gogf/gf/contrib/drivers/seata/v2/db.go:159.2,164.16 4 0
github.com/gogf/gf/contrib/drivers/seata/v2/db.go:164.16,167.3 2 0
github.com/gogf/gf/contrib/drivers/seata/v2/db.go:170.2,171.16 2 0
github.com/gogf/gf/contrib/drivers/seata/v2/db.go:171.16,173.3 1 0
github.com/gogf/gf/contrib/drivers/seata/v2/db.go:176.2,178.16 3 0
github.com/gogf/gf/contrib/drivers/seata/v2/db.go:178.16,181.3 2 0
github.com/gogf/gf/contrib/drivers/seata/v2/db.go:184.2,184.91 1 0
github.com/gogf/gf/contrib/drivers/seata/v2/db.go:184.91,187.3 2 0
github.com/gogf/gf/contrib/drivers/seata/v2/db.go:189.2,190.20 2 0
github.com/gogf/gf/contrib/drivers/seata/v2/db.go:200.23,202.36 1 0
github.com/gogf/gf/contrib/drivers/seata/v2/db.go:202.36,204.3 1 0
github.com/gogf/gf/contrib/drivers/seata/v2/db.go:206.2,210.16 3 0
github.com/gogf/gf/contrib/drivers/seata/v2/db.go:210.16,212.3 1 0
github.com/gogf/gf/contrib/drivers/seata/v2/db.go:215.2,217.16 3 0
github.com/gogf/gf/contrib/drivers/seata/v2/db.go:217.16,220.3 1 0
github.com/gogf/gf/contrib/drivers/seata/v2/db.go:223.2,227.96 2 0
github.com/gogf/gf/contrib/drivers/seata/v2/db.go:227.96,230.3 2 0
github.com/gogf/gf/contrib/drivers/seata/v2/db.go:232.2,233.20 2 0
github.com/gogf/gf/contrib/drivers/seata/v2/db.go:243.23,245.36 1 0
github.com/gogf/gf/contrib/drivers/seata/v2/db.go:245.36,247.3 1 0
github.com/gogf/gf/contrib/drivers/seata/v2/db.go:249.2,254.16 4 0
github.com/gogf/gf/contrib/drivers/seata/v2/db.go:254.16,257.3 2 0
github.com/gogf/gf/contrib/drivers/seata/v2/db.go:260.2,261.16 2 0
github.com/gogf/gf/contrib/drivers/seata/v2/db.go:261.16,263.3 1 0
github.com/gogf/gf/contrib/drivers/seata/v2/db.go:266.2,272.96 2 0
github.com/gogf/gf/contrib/drivers/seata/v2/db.go:272.96,275.3 2 0
github.com/gogf/gf/contrib/drivers/seata/v2/db.go:277.2,278.20 2 0
github.com/gogf/gf/contrib/drivers/seata/v2/db.go:282.77,284.36 1 1
github.com/gogf/gf/contrib/drivers/seata/v2/db.go:284.36,286.3 1 1
github.com/gogf/gf/contrib/drivers/seata/v2/db.go:289.2,289.27 1 0
github.com/gogf/gf/contrib/drivers/seata/v2/db.go:289.27,291.3 1 0
github.com/gogf/gf/contrib/drivers/seata/v2/db.go:293.2,293.13 1 0
github.com/gogf/gf/contrib/drivers/seata/v2/db.go:303.9,306.15 2 0
github.com/gogf/gf/contrib/drivers/seata/v2/db.go:306.15,308.3 1 0
github.com/gogf/gf/contrib/drivers/seata/v2/db.go:311.2,312.9 2 0
github.com/gogf/gf/contrib/drivers/seata/v2/db.go:312.9,314.3 1 0
github.com/gogf/gf/contrib/drivers/seata/v2/db.go:317.2,324.12 2 0
github.com/gogf/gf/contrib/drivers/seata/v2/db.go:328.46,329.23 1 1
github.com/gogf/gf/contrib/drivers/seata/v2/db.go:329.23,331.3 1 0
github.com/gogf/gf/contrib/drivers/seata/v2/db.go:332.2,333.23 2 1
github.com/gogf/gf/contrib/drivers/seata/v2/db.go:333.23,335.3 1 1
github.com/gogf/gf/contrib/drivers/seata/v2/db.go:336.2,340.27 2 1
github.com/gogf/gf/contrib/drivers/seata/v2/db.go:340.27,342.3 1 1
github.com/gogf/gf/contrib/drivers/seata/v2/db.go:343.2,343.24 1 1
github.com/gogf/gf/contrib/drivers/seata/v2/db.go:343.24,345.3 1 0
github.com/gogf/gf/contrib/drivers/seata/v2/db.go:346.2,346.15 1 1
github.com/gogf/gf/contrib/drivers/seata/v2/driver_at.go:34.44,35.19 1 1
github.com/gogf/gf/contrib/drivers/seata/v2/driver_at.go:35.19,37.3 1 1
github.com/gogf/gf/contrib/drivers/seata/v2/driver_at.go:38.2,40.3 1 1
github.com/gogf/gf/contrib/drivers/seata/v2/driver_at.go:44.78,48.23 2 1
github.com/gogf/gf/contrib/drivers/seata/v2/driver_at.go:48.23,55.3 2 1
github.com/gogf/gf/contrib/drivers/seata/v2/driver_at.go:57.2,62.16 3 0
github.com/gogf/gf/contrib/drivers/seata/v2/driver_at.go:62.16,68.3 1 0
github.com/gogf/gf/contrib/drivers/seata/v2/driver_at.go:71.2,85.52 4 0
github.com/gogf/gf/contrib/drivers/seata/v2/driver_at.go:85.52,92.3 2 0
github.com/gogf/gf/contrib/drivers/seata/v2/driver_at.go:94.2,101.8 2 0
github.com/gogf/gf/contrib/drivers/seata/v2/driver_at.go:105.76,111.16 3 0
github.com/gogf/gf/contrib/drivers/seata/v2/driver_at.go:111.16,113.3 1 0
github.com/gogf/gf/contrib/drivers/seata/v2/driver_at.go:116.2,116.31 1 0
github.com/gogf/gf/contrib/drivers/seata/v2/driver_at.go:116.31,118.3 1 0
github.com/gogf/gf/contrib/drivers/seata/v2/driver_at.go:119.2,119.31 1 0
github.com/gogf/gf/contrib/drivers/seata/v2/driver_at.go:119.31,121.3 1 0
github.com/gogf/gf/contrib/drivers/seata/v2/driver_at.go:122.2,122.30 1 0
github.com/gogf/gf/contrib/drivers/seata/v2/driver_at.go:122.30,124.3 1 0
github.com/gogf/gf/contrib/drivers/seata/v2/driver_at.go:127.2,127.33 1 0
github.com/gogf/gf/contrib/drivers/seata/v2/driver_at.go:127.33,130.3 2 0
github.com/gogf/gf/contrib/drivers/seata/v2/driver_at.go:132.2,132.16 1 0
github.com/gogf/gf/contrib/drivers/seata/v2/driver_at.go:136.58,138.21 1 1
github.com/gogf/gf/contrib/drivers/seata/v2/driver_at.go:138.21,140.3 1 1
github.com/gogf/gf/contrib/drivers/seata/v2/driver_at.go:143.2,150.3 1 1
github.com/gogf/gf/contrib/drivers/seata/v2/driver_at.go:154.63,157.15 2 0
github.com/gogf/gf/contrib/drivers/seata/v2/driver_at.go:157.15,162.3 1 0
github.com/gogf/gf/contrib/drivers/seata/v2/driver_at.go:165.2,165.38 1 0
github.com/gogf/gf/contrib/drivers/seata/v2/driver_xa.go:34.44,35.19 1 0
github.com/gogf/gf/contrib/drivers/seata/v2/driver_xa.go:35.19,37.3 1 0
github.com/gogf/gf/contrib/drivers/seata/v2/driver_xa.go:38.2,40.3 1 0
github.com/gogf/gf/contrib/drivers/seata/v2/driver_xa.go:44.78,48.23 2 0
github.com/gogf/gf/contrib/drivers/seata/v2/driver_xa.go:48.23,54.3 2 0
github.com/gogf/gf/contrib/drivers/seata/v2/driver_xa.go:56.2,60.16 3 0
github.com/gogf/gf/contrib/drivers/seata/v2/driver_xa.go:60.16,66.3 1 0
github.com/gogf/gf/contrib/drivers/seata/v2/driver_xa.go:69.2,83.52 4 0
github.com/gogf/gf/contrib/drivers/seata/v2/driver_xa.go:83.52,90.3 2 0
github.com/gogf/gf/contrib/drivers/seata/v2/driver_xa.go:92.2,99.8 2 0
github.com/gogf/gf/contrib/drivers/seata/v2/driver_xa.go:103.76,109.16 3 0
github.com/gogf/gf/contrib/drivers/seata/v2/driver_xa.go:109.16,111.3 1 0
github.com/gogf/gf/contrib/drivers/seata/v2/driver_xa.go:114.2,114.31 1 0
github.com/gogf/gf/contrib/drivers/seata/v2/driver_xa.go:114.31,116.3 1 0
github.com/gogf/gf/contrib/drivers/seata/v2/driver_xa.go:117.2,117.31 1 0
github.com/gogf/gf/contrib/drivers/seata/v2/driver_xa.go:117.31,119.3 1 0
github.com/gogf/gf/contrib/drivers/seata/v2/driver_xa.go:120.2,120.30 1 0
github.com/gogf/gf/contrib/drivers/seata/v2/driver_xa.go:120.30,122.3 1 0
github.com/gogf/gf/contrib/drivers/seata/v2/driver_xa.go:125.2,125.33 1 0
github.com/gogf/gf/contrib/drivers/seata/v2/driver_xa.go:125.33,128.3 2 0
github.com/gogf/gf/contrib/drivers/seata/v2/driver_xa.go:130.2,130.16 1 0
github.com/gogf/gf/contrib/drivers/seata/v2/driver_xa.go:134.58,136.21 1 0
github.com/gogf/gf/contrib/drivers/seata/v2/driver_xa.go:136.21,138.3 1 0
github.com/gogf/gf/contrib/drivers/seata/v2/driver_xa.go:141.2,148.3 1 0
github.com/gogf/gf/contrib/drivers/seata/v2/driver_xa.go:152.63,155.15 2 0
github.com/gogf/gf/contrib/drivers/seata/v2/driver_xa.go:155.15,160.3 1 0
github.com/gogf/gf/contrib/drivers/seata/v2/driver_xa.go:163.2,163.38 1 0
github.com/gogf/gf/contrib/drivers/seata/v2/fallback.go:57.46,65.2 1 1
github.com/gogf/gf/contrib/drivers/seata/v2/fallback.go:81.66,82.19 1 1
github.com/gogf/gf/contrib/drivers/seata/v2/fallback.go:82.19,84.3 1 1
github.com/gogf/gf/contrib/drivers/seata/v2/fallback.go:86.2,94.20 4 1
github.com/gogf/gf/contrib/drivers/seata/v2/fallback.go:94.20,96.3 1 1
github.com/gogf/gf/contrib/drivers/seata/v2/fallback.go:98.2,98.11 1 1
github.com/gogf/gf/contrib/drivers/seata/v2/fallback.go:102.46,104.2 1 1
github.com/gogf/gf/contrib/drivers/seata/v2/fallback.go:107.61,108.24 1 1
github.com/gogf/gf/contrib/drivers/seata/v2/fallback.go:108.24,110.3 1 1
github.com/gogf/gf/contrib/drivers/seata/v2/fallback.go:112.2,116.97 3 1
github.com/gogf/gf/contrib/drivers/seata/v2/fallback.go:116.97,119.3 1 0
github.com/gogf/gf/contrib/drivers/seata/v2/fallback.go:122.2,126.66 3 1
github.com/gogf/gf/contrib/drivers/seata/v2/fallback.go:126.66,128.3 1 1
github.com/gogf/gf/contrib/drivers/seata/v2/fallback.go:132.44,133.24 1 1
github.com/gogf/gf/contrib/drivers/seata/v2/fallback.go:133.24,135.3 1 0
github.com/gogf/gf/contrib/drivers/seata/v2/fallback.go:138.2,138.38 1 1
github.com/gogf/gf/contrib/drivers/seata/v2/fallback.go:142.65,150.2 3 1
github.com/gogf/gf/contrib/drivers/seata/v2/fallback.go:153.43,157.21 3 1
github.com/gogf/gf/contrib/drivers/seata/v2/fallback.go:157.21,158.23 1 0
github.com/gogf/gf/contrib/drivers/seata/v2/fallback.go:158.23,159.12 1 0
github.com/gogf/gf/contrib/drivers/seata/v2/fallback.go:162.3,163.27 2 0
github.com/gogf/gf/contrib/drivers/seata/v2/fallback.go:163.27,164.12 1 0
github.com/gogf/gf/contrib/drivers/seata/v2/fallback.go:168.3,168.36 1 0
github.com/gogf/gf/contrib/drivers/seata/v2/fallback.go:168.36,170.4 1 0
github.com/gogf/gf/contrib/drivers/seata/v2/fallback.go:175.41,181.2 3 0
github.com/gogf/gf/contrib/drivers/seata/v2/fallback.go:184.53,185.28 1 1
github.com/gogf/gf/contrib/drivers/seata/v2/fallback.go:186.20,187.16 1 1
github.com/gogf/gf/contrib/drivers/seata/v2/fallback.go:188.23,189.19 1 1
github.com/gogf/gf/contrib/drivers/seata/v2/fallback.go:190.26,191.22 1 0
github.com/gogf/gf/contrib/drivers/seata/v2/fallback.go:192.22,193.18 1 0
github.com/gogf/gf/contrib/drivers/seata/v2/fallback.go:194.10,195.19 1 0
github.com/gogf/gf/contrib/drivers/seata/v2/fallback.go:205.9,207.21 1 1
github.com/gogf/gf/contrib/drivers/seata/v2/fallback.go:207.21,210.31 2 1
github.com/gogf/gf/contrib/drivers/seata/v2/fallback.go:210.31,212.18 2 1
github.com/gogf/gf/contrib/drivers/seata/v2/fallback.go:212.18,214.5 1 1
github.com/gogf/gf/contrib/drivers/seata/v2/fallback.go:215.4,215.14 1 1
github.com/gogf/gf/contrib/drivers/seata/v2/fallback.go:219.3,219.47 1 0
github.com/gogf/gf/contrib/drivers/seata/v2/fallback.go:223.2,224.16 2 1
github.com/gogf/gf/contrib/drivers/seata/v2/fallback.go:224.16,227.3 2 1
github.com/gogf/gf/contrib/drivers/seata/v2/fallback.go:229.2,230.12 2 1
github.com/gogf/gf/contrib/drivers/seata/v2/fallback.go:238.9,239.28 1 1
github.com/gogf/gf/contrib/drivers/seata/v2/fallback.go:240.23,243.24 2 1
github.com/gogf/gf/contrib/drivers/seata/v2/fallback.go:245.26,248.86 2 1
github.com/gogf/gf/contrib/drivers/seata/v2/fallback.go:250.22,253.83 2 1
github.com/gogf/gf/contrib/drivers/seata/v2/fallback.go:255.10,256.24 1 1
github.com/gogf/gf/contrib/drivers/seata/v2/image_generator.go:54.60,58.2 1 1
github.com/gogf/gf/contrib/drivers/seata/v2/image_generator.go:68.26,76.16 4 0
github.com/gogf/gf/contrib/drivers/seata/v2/image_generator.go:76.16,78.3 1 0
github.com/gogf/gf/contrib/drivers/seata/v2/image_generator.go:81.2,81.56 1 0
github.com/gogf/gf/contrib/drivers/seata/v2/image_generator.go:91.26,92.24 1 0
github.com/gogf/gf/contrib/drivers/seata/v2/image_generator.go:92.24,98.3 1 0
github.com/gogf/gf/contrib/drivers/seata/v2/image_generator.go:101.2,102.16 2 0
github.com/gogf/gf/contrib/drivers/seata/v2/image_generator.go:102.16,104.3 1 0
github.com/gogf/gf/contrib/drivers/seata/v2/image_generator.go:107.2,113.16 4 0
github.com/gogf/gf/contrib/drivers/seata/v2/image_generator.go:113.16,115.3 1 0
github.com/gogf/gf/contrib/drivers/seata/v2/image_generator.go:118.2,118.56 1 0
github.com/gogf/gf/contrib/drivers/seata/v2/image_generator.go:128.26,131.16 2 0
github.com/gogf/gf/contrib/drivers/seata/v2/image_generator.go:131.16,138.3 2 0
github.com/gogf/gf/contrib/drivers/seata/v2/image_generator.go:140.2,140.23 1 0
github.com/gogf/gf/contrib/drivers/seata/v2/image_generator.go:140.23,146.3 1 0
github.com/gogf/gf/contrib/drivers/seata/v2/image_generator.go:149.2,149.80 1 0
github.com/gogf/gf/contrib/drivers/seata/v2/image_generator.go:153.84,154.21 1 1
github.com/gogf/gf/contrib/drivers/seata/v2/image_generator.go:154.21,156.3 1 1
github.com/gogf/gf/contrib/drivers/seata/v2/image_generator.go:157.2,157.100 1 1
github.com/gogf/gf/contrib/drivers/seata/v2/image_generator.go:161.96,167.2 2 1
github.com/gogf/gf/contrib/drivers/seata/v2/image_generator.go:170.62,171.16 1 1
github.com/gogf/gf/contrib/drivers/seata/v2/image_generator.go:171.16,173.3 1 1
github.com/gogf/gf/contrib/drivers/seata/v2/image_generator.go:175.2,176.29 2 1
github.com/gogf/gf/contrib/drivers/seata/v2/image_generator.go:176.29,178.3 1 1
github.com/gogf/gf/contrib/drivers/seata/v2/image_generator.go:179.2,179.21 1 1
github.com/gogf/gf/contrib/drivers/seata/v2/image_generator.go:188.23,191.2 1 0
github.com/gogf/gf/contrib/drivers/seata/v2/image_generator.go:198.26,204.22 2 0
github.com/gogf/gf/contrib/drivers/seata/v2/image_generator.go:204.22,206.3 1 0
github.com/gogf/gf/contrib/drivers/seata/v2/image_generator.go:209.2,210.16 2 0
github.com/gogf/gf/contrib/drivers/seata/v2/image_generator.go:210.16,212.3 1 0
github.com/gogf/gf/contrib/drivers/seata/v2/image_generator.go:214.2,215.16 2 0
github.com/gogf/gf/contrib/drivers/seata/v2/image_generator.go:215.16,218.3 2 0
github.com/gogf/gf/contrib/drivers/seata/v2/image_generator.go:221.2,221.32 1 0
github.com/gogf/gf/contrib/drivers/seata/v2/image_generator.go:221.32,226.41 2 0
github.com/gogf/gf/contrib/drivers/seata/v2/image_generator.go:226.41,234.28 2 0
github.com/gogf/gf/contrib/drivers/seata/v2/image_generator.go:234.28,236.5 1 0
github.com/gogf/gf/contrib/drivers/seata/v2/image_generator.go:236.10,238.5 1 0
github.com/gogf/gf/contrib/drivers/seata/v2/image_generator.go:240.4,240.42 1 0
github.com/gogf/gf/contrib/drivers/seata/v2/image_generator.go:243.3,243.43 1 0
github.com/gogf/gf/contrib/drivers/seata/v2/image_generator.go:246.2,246.21 1 0
github.com/gogf/gf/contrib/drivers/seata/v2/image_generator.go:250.111,253.16 2 0
github.com/gogf/gf/contrib/drivers/seata/v2/image_generator.go:253.16,255.3 1 0
github.com/gogf/gf/contrib/drivers/seata/v2/image_generator.go:257.2,258.34 2 0
github.com/gogf/gf/contrib/drivers/seata/v2/image_generator.go:258.34,260.3 1 0
github.com/gogf/gf/contrib/drivers/seata/v2/image_generator.go:262.2,262.24 1 0
github.com/gogf/gf/contrib/drivers/seata/v2/image_generator.go:266.99,268.16 2 0
github.com/gogf/gf/contrib/drivers/seata/v2/image_generator.go:268.16,270.3 1 0
github.com/gogf/gf/contrib/drivers/seata/v2/image_generator.go:272.2,272.34 1 0
github.com/gogf/gf/contrib/drivers/seata/v2/image_generator.go:272.34,273.25 1 0
github.com/gogf/gf/contrib/drivers/seata/v2/image_generator.go:273.25,275.4 1 0
github.com/gogf/gf/contrib/drivers/seata/v2/image_generator.go:278.2,278.72 1 0
github.com/gogf/gf/contrib/drivers/seata/v2/image_generator.go:283.92,285.9 2 1
github.com/gogf/gf/contrib/drivers/seata/v2/image_generator.go:285.9,287.3 1 0
github.com/gogf/gf/contrib/drivers/seata/v2/image_generator.go:291.2,291.9 1 1
github.com/gogf/gf/contrib/drivers/seata/v2/image_generator.go:292.34,293.11 1 1
github.com/gogf/gf/contrib/drivers/seata/v2/image_generator.go:294.67,295.12 1 1
github.com/gogf/gf/contrib/drivers/seata/v2/image_generator.go:296.35,297.12 1 1
github.com/gogf/gf/contrib/drivers/seata/v2/image_generator.go:298.70,299.11 1 1
github.com/gogf/gf/contrib/drivers/seata/v2/image_generator.go:300.36,301.11 1 1
github.com/gogf/gf/contrib/drivers/seata/v2/image_generator.go:302.37,303.11 1 1
github.com/gogf/gf/contrib/drivers/seata/v2/image_generator.go:304.73,305.12 1 1
github.com/gogf/gf/contrib/drivers/seata/v2/image_generator.go:306.35,307.12 1 1
github.com/gogf/gf/contrib/drivers/seata/v2/image_generator.go:308.35,309.12 1 1
github.com/gogf/gf/contrib/drivers/seata/v2/image_generator.go:310.35,311.12 1 1
github.com/gogf/gf/contrib/drivers/seata/v2/image_generator.go:312.10,313.11 1 1
github.com/gogf/gf/contrib/drivers/seata/v2/image_generator.go:318.75,319.18 1 1
github.com/gogf/gf/contrib/drivers/seata/v2/image_generator.go:319.18,321.3 1 1
github.com/gogf/gf/contrib/drivers/seata/v2/image_generator.go:324.2,324.37 1 1
github.com/gogf/gf/contrib/drivers/seata/v2/image_generator.go:324.37,326.3 1 1
github.com/gogf/gf/contrib/drivers/seata/v2/image_generator.go:329.2,329.28 1 1
github.com/gogf/gf/contrib/drivers/seata/v2/image_generator.go:333.66,336.2 2 1
github.com/gogf/gf/contrib/drivers/seata/v2/image_generator.go:339.68,342.2 2 1
github.com/gogf/gf/contrib/drivers/seata/v2/image_generator.go:345.38,347.2 1 1
github.com/gogf/gf/contrib/drivers/seata/v2/image_generator.go:350.70,353.35 2 1
github.com/gogf/gf/contrib/drivers/seata/v2/image_generator.go:353.35,354.36 1 1
github.com/gogf/gf/contrib/drivers/seata/v2/image_generator.go:354.36,355.42 1 1
github.com/gogf/gf/contrib/drivers/seata/v2/image_generator.go:355.42,357.10 2 1
github.com/gogf/gf/contrib/drivers/seata/v2/image_generator.go:362.2,362.17 1 1
github.com/gogf/gf/contrib/drivers/seata/v2/resource.go:64.144,75.33 2 1
github.com/gogf/gf/contrib/drivers/seata/v2/resource.go:75.33,78.3 2 1
github.com/gogf/gf/contrib/drivers/seata/v2/resource.go:81.2,86.17 3 1
github.com/gogf/gf/contrib/drivers/seata/v2/resource.go:90.48,92.2 1 1
github.com/gogf/gf/contrib/drivers/seata/v2/resource.go:95.43,97.2 1 1
github.com/gogf/gf/contrib/drivers/seata/v2/resource.go:100.54,102.2 1 1
github.com/gogf/gf/contrib/drivers/seata/v2/resource.go:105.36,107.2 1 0
github.com/gogf/gf/contrib/drivers/seata/v2/resource.go:110.42,112.2 1 0
github.com/gogf/gf/contrib/drivers/seata/v2/resource.go:115.45,117.2 1 1
github.com/gogf/gf/contrib/drivers/seata/v2/resource.go:120.40,122.2 1 1
github.com/gogf/gf/contrib/drivers/seata/v2/resource.go:125.42,129.2 3 1
github.com/gogf/gf/contrib/drivers/seata/v2/resource.go:132.55,136.2 3 1
github.com/gogf/gf/contrib/drivers/seata/v2/resource.go:139.68,141.12 2 1
github.com/gogf/gf/contrib/drivers/seata/v2/resource.go:141.12,144.3 2 1
github.com/gogf/gf/contrib/drivers/seata/v2/resource.go:145.2,145.12 1 1
github.com/gogf/gf/contrib/drivers/seata/v2/resource.go:149.47,151.2 1 1
github.com/gogf/gf/contrib/drivers/seata/v2/resource.go:154.66,156.2 1 1
github.com/gogf/gf/contrib/drivers/seata/v2/resource.go:159.42,161.2 1 1
github.com/gogf/gf/contrib/drivers/seata/v2/resource.go:164.51,172.2 1 1
github.com/gogf/gf/contrib/drivers/seata/v2/resource.go:175.111,179.26 2 0
github.com/gogf/gf/contrib/drivers/seata/v2/resource.go:179.26,181.17 2 0
github.com/gogf/gf/contrib/drivers/seata/v2/resource.go:181.17,184.4 2 0
github.com/gogf/gf/contrib/drivers/seata/v2/resource.go:185.3,186.51 2 0
github.com/gogf/gf/contrib/drivers/seata/v2/resource.go:190.2,192.16 3 0
github.com/gogf/gf/contrib/drivers/seata/v2/resource.go:192.16,195.3 2 0
github.com/gogf/gf/contrib/drivers/seata/v2/resource.go:197.2,198.50 2 0
github.com/gogf/gf/contrib/drivers/seata/v2/resource.go:202.113,209.16 5 0
github.com/gogf/gf/contrib/drivers/seata/v2/resource.go:209.16,210.27 1 0
github.com/gogf/gf/contrib/drivers/seata/v2/resource.go:210.27,214.4 2 0
github.com/gogf/gf/contrib/drivers/seata/v2/resource.go:215.3,216.65 2 0
github.com/gogf/gf/contrib/drivers/seata/v2/resource.go:220.2,221.78 2 0
github.com/gogf/gf/contrib/drivers/seata/v2/resource.go:221.78,224.3 2 0
github.com/gogf/gf/contrib/drivers/seata/v2/resource.go:227.2,228.16 2 0
github.com/gogf/gf/contrib/drivers/seata/v2/resource.go:228.16,231.3 2 0
github.com/gogf/gf/contrib/drivers/seata/v2/resource.go:232.2,235.55 2 0
github.com/gogf/gf/contrib/drivers/seata/v2/resource.go:235.55,236.63 1 0
github.com/gogf/gf/contrib/drivers/seata/v2/resource.go:236.63,239.4 2 0
github.com/gogf/gf/contrib/drivers/seata/v2/resource.go:243.2,244.91 2 0
github.com/gogf/gf/contrib/drivers/seata/v2/resource.go:244.91,247.3 2 0
github.com/gogf/gf/contrib/drivers/seata/v2/resource.go:250.2,250.36 1 0
github.com/gogf/gf/contrib/drivers/seata/v2/resource.go:250.36,253.3 2 0
github.com/gogf/gf/contrib/drivers/seata/v2/resource.go:255.2,256.51 2 0
github.com/gogf/gf/contrib/drivers/seata/v2/resource.go:260.95,261.25 1 0
github.com/gogf/gf/contrib/drivers/seata/v2/resource.go:262.21,264.44 1 0
github.com/gogf/gf/contrib/drivers/seata/v2/resource.go:265.21,267.44 1 0
github.com/gogf/gf/contrib/drivers/seata/v2/resource.go:268.21,270.44 1 0
github.com/gogf/gf/contrib/drivers/seata/v2/resource.go:271.10,272.61 1 0
github.com/gogf/gf/contrib/drivers/seata/v2/resource.go:277.95,278.68 1 0
github.com/gogf/gf/contrib/drivers/seata/v2/resource.go:278.68,280.3 1 0
github.com/gogf/gf/contrib/drivers/seata/v2/resource.go:283.2,284.24 2 0
github.com/gogf/gf/contrib/drivers/seata/v2/resource.go:284.24,286.3 1 0
github.com/gogf/gf/contrib/drivers/seata/v2/resource.go:289.2,290.18 2 0
github.com/gogf/gf/contrib/drivers/seata/v2/resource.go:290.18,292.3 1 0
github.com/gogf/gf/contrib/drivers/seata/v2/resource.go:295.2,302.16 4 0
github.com/gogf/gf/contrib/drivers/seata/v2/resource.go:302.16,304.3 1 0
github.com/gogf/gf/contrib/drivers/seata/v2/resource.go:306.2,307.12 2 0
github.com/gogf/gf/contrib/drivers/seata/v2/resource.go:311.95,312.70 1 0
github.com/gogf/gf/contrib/drivers/seata/v2/resource.go:312.70,314.3 1 0
github.com/gogf/gf/contrib/drivers/seata/v2/resource.go:317.2,318.18 2 0
github.com/gogf/gf/contrib/drivers/seata/v2/resource.go:318.18,320.3 1 0
github.com/gogf/gf/contrib/drivers/seata/v2/resource.go:323.2,323.47 1 0
github.com/gogf/gf/contrib/drivers/seata/v2/resource.go:323.47,329.36 4 0
github.com/gogf/gf/contrib/drivers/seata/v2/resource.go:329.36,330.42 1 0
github.com/gogf/gf/contrib/drivers/seata/v2/resource.go:330.42,332.5 1 0
github.com/gogf/gf/contrib/drivers/seata/v2/resource.go:332.10,335.5 2 0
github.com/gogf/gf/contrib/drivers/seata/v2/resource.go:338.3,338.21 1 0
github.com/gogf/gf/contrib/drivers/seata/v2/resource.go:338.21,340.4 1 0
github.com/gogf/gf/contrib/drivers/seata/v2/resource.go:343.3,347.37 3 0
github.com/gogf/gf/contrib/drivers/seata/v2/resource.go:347.37,348.13 1 0
github.com/gogf/gf/contrib/drivers/seata/v2/resource.go:348.13,350.5 1 0
github.com/gogf/gf/contrib/drivers/seata/v2/resource.go:351.4,351.23 1 0
github.com/gogf/gf/contrib/drivers/seata/v2/resource.go:354.3,360.17 3 0
github.com/gogf/gf/contrib/drivers/seata/v2/resource.go:360.17,362.4 1 0
github.com/gogf/gf/contrib/drivers/seata/v2/resource.go:364.3,364.61 1 0
github.com/gogf/gf/contrib/drivers/seata/v2/resource.go:367.2,367.12 1 0
github.com/gogf/gf/contrib/drivers/seata/v2/resource.go:371.95,372.70 1 0
github.com/gogf/gf/contrib/drivers/seata/v2/resource.go:372.70,374.3 1 0
github.com/gogf/gf/contrib/drivers/seata/v2/resource.go:377.2,377.47 1 0
github.com/gogf/gf/contrib/drivers/seata/v2/resource.go:377.47,383.36 4 0
github.com/gogf/gf/contrib/drivers/seata/v2/resource.go:383.36,387.4 3 0
github.com/gogf/gf/contrib/drivers/seata/v2/resource.go:390.3,391.31 2 0
github.com/gogf/gf/contrib/drivers/seata/v2/resource.go:391.31,392.13 1 0
github.com/gogf/gf/contrib/drivers/seata/v2/resource.go:392.13,394.5 1 0
github.com/gogf/gf/contrib/drivers/seata/v2/resource.go:395.4,395.20 1 0
github.com/gogf/gf/contrib/drivers/seata/v2/resource.go:398.3,399.35 2 0
github.com/gogf/gf/contrib/drivers/seata/v2/resource.go:399.35,400.13 1 0
github.com/gogf/gf/contrib/drivers/seata/v2/resource.go:400.13,402.5 1 0
github.com/gogf/gf/contrib/drivers/seata/v2/resource.go:403.4,403.24 1 0
github.com/gogf/gf/contrib/drivers/seata/v2/resource.go:406.3,412.17 3 0
github.com/gogf/gf/contrib/drivers/seata/v2/resource.go:412.17,414.4 1 0
github.com/gogf/gf/contrib/drivers/seata/v2/resource.go:416.3,416.61 1 0
github.com/gogf/gf/contrib/drivers/seata/v2/resource.go:419.2,419.12 1 0
github.com/gogf/gf/contrib/drivers/seata/v2/resource.go:423.68,424.46 1 0
github.com/gogf/gf/contrib/drivers/seata/v2/resource.go:424.46,426.3 1 0
github.com/gogf/gf/contrib/drivers/seata/v2/resource.go:428.2,428.47 1 0
github.com/gogf/gf/contrib/drivers/seata/v2/resource.go:428.47,429.41 1 0
github.com/gogf/gf/contrib/drivers/seata/v2/resource.go:429.41,431.4 1 0
github.com/gogf/gf/contrib/drivers/seata/v2/resource.go:434.2,434.11 1 0
github.com/gogf/gf/contrib/drivers/seata/v2/resource.go:438.56,439.16 1 0
github.com/gogf/gf/contrib/drivers/seata/v2/resource.go:439.16,441.3 1 0
github.com/gogf/gf/contrib/drivers/seata/v2/resource.go:442.2,443.29 2 0
github.com/gogf/gf/contrib/drivers/seata/v2/resource.go:443.29,445.3 1 0
github.com/gogf/gf/contrib/drivers/seata/v2/resource.go:446.2,446.21 1 0
github.com/gogf/gf/contrib/drivers/seata/v2/resource.go:450.56,453.2 1 0
github.com/gogf/gf/contrib/drivers/seata/v2/resource.go:456.65,459.2 2 0
github.com/gogf/gf/contrib/drivers/seata/v2/resource.go:462.67,465.2 2 0
github.com/gogf/gf/contrib/drivers/seata/v2/resource.go:468.51,470.2 1 0
github.com/gogf/gf/contrib/drivers/seata/v2/resource.go:473.101,475.2 1 0
github.com/gogf/gf/contrib/drivers/seata/v2/resource.go:478.88,480.2 1 0
github.com/gogf/gf/contrib/drivers/seata/v2/resource.go:483.90,485.2 1 0
github.com/gogf/gf/contrib/drivers/seata/v2/retry.go:37.40,45.2 1 1
github.com/gogf/gf/contrib/drivers/seata/v2/retry.go:53.59,54.19 1 1
github.com/gogf/gf/contrib/drivers/seata/v2/retry.go:54.19,56.3 1 0
github.com/gogf/gf/contrib/drivers/seata/v2/retry.go:57.2,59.3 1 1
github.com/gogf/gf/contrib/drivers/seata/v2/retry.go:63.84,66.62 2 1
github.com/gogf/gf/contrib/drivers/seata/v2/retry.go:66.62,68.10 1 1
github.com/gogf/gf/contrib/drivers/seata/v2/retry.go:69.21,70.63 1 0
github.com/gogf/gf/contrib/drivers/seata/v2/retry.go:71.11,71.11 0 1
github.com/gogf/gf/contrib/drivers/seata/v2/retry.go:75.3,76.17 2 1
github.com/gogf/gf/contrib/drivers/seata/v2/retry.go:76.17,78.19 1 1
github.com/gogf/gf/contrib/drivers/seata/v2/retry.go:78.19,80.5 1 1
github.com/gogf/gf/contrib/drivers/seata/v2/retry.go:81.4,81.14 1 1
github.com/gogf/gf/contrib/drivers/seata/v2/retry.go:84.3,87.26 2 1
github.com/gogf/gf/contrib/drivers/seata/v2/retry.go:87.26,90.4 2 1
github.com/gogf/gf/contrib/drivers/seata/v2/retry.go:93.3,93.37 1 1
github.com/gogf/gf/contrib/drivers/seata/v2/retry.go:93.37,97.4 2 1
github.com/gogf/gf/contrib/drivers/seata/v2/retry.go:100.3,105.10 3 1
github.com/gogf/gf/contrib/drivers/seata/v2/retry.go:106.21,107.78 1 0
github.com/gogf/gf/contrib/drivers/seata/v2/retry.go:108.30,108.30 0 1
github.com/gogf/gf/contrib/drivers/seata/v2/retry.go:113.2,113.16 1 0
github.com/gogf/gf/contrib/drivers/seata/v2/retry.go:117.124,119.37 2 0
github.com/gogf/gf/contrib/drivers/seata/v2/retry.go:119.37,123.3 3 0
github.com/gogf/gf/contrib/drivers/seata/v2/retry.go:124.2,124.20 1 0
github.com/gogf/gf/contrib/drivers/seata/v2/retry.go:128.69,133.44 2 1
github.com/gogf/gf/contrib/drivers/seata/v2/retry.go:133.44,135.3 1 0
github.com/gogf/gf/contrib/drivers/seata/v2/retry.go:137.2,137.31 1 1
github.com/gogf/gf/contrib/drivers/seata/v2/retry.go:141.53,142.16 1 1
github.com/gogf/gf/contrib/drivers/seata/v2/retry.go:142.16,144.3 1 0
github.com/gogf/gf/contrib/drivers/seata/v2/retry.go:146.2,149.56 2 1
github.com/gogf/gf/contrib/drivers/seata/v2/retry.go:149.56,150.37 1 1
github.com/gogf/gf/contrib/drivers/seata/v2/retry.go:150.37,152.4 1 1
github.com/gogf/gf/contrib/drivers/seata/v2/retry.go:155.2,155.14 1 1
github.com/gogf/gf/contrib/drivers/seata/v2/retry.go:177.44,185.2 1 0
github.com/gogf/gf/contrib/drivers/seata/v2/retry.go:188.107,189.18 1 1
github.com/gogf/gf/contrib/drivers/seata/v2/retry.go:189.18,192.3 1 0
github.com/gogf/gf/contrib/drivers/seata/v2/retry.go:194.2,200.12 4 1
github.com/gogf/gf/contrib/drivers/seata/v2/retry.go:200.12,202.3 1 1
github.com/gogf/gf/contrib/drivers/seata/v2/retry.go:204.2,204.9 1 1
github.com/gogf/gf/contrib/drivers/seata/v2/retry.go:205.24,206.13 1 1
github.com/gogf/gf/contrib/drivers/seata/v2/retry.go:207.20,208.72 1 1
github.com/gogf/gf/contrib/drivers/seata/v2/retry.go:213.143,214.18 1 0
github.com/gogf/gf/contrib/drivers/seata/v2/retry.go:214.18,216.3 1 0
github.com/gogf/gf/contrib/drivers/seata/v2/retry.go:218.2,228.12 5 0
github.com/gogf/gf/contrib/drivers/seata/v2/retry.go:228.12,231.3 2 0
github.com/gogf/gf/contrib/drivers/seata/v2/retry.go:233.2,233.9 1 0
github.com/gogf/gf/contrib/drivers/seata/v2/retry.go:234.27,235.27 1 0
github.com/gogf/gf/contrib/drivers/seata/v2/retry.go:236.20,237.77 1 0
github.com/gogf/gf/contrib/drivers/seata/v2/seata.go:36.33,37.17 1 0
github.com/gogf/gf/contrib/drivers/seata/v2/seata.go:37.17,39.3 1 0
github.com/gogf/gf/contrib/drivers/seata/v2/seata.go:41.2,41.19 1 0
github.com/gogf/gf/contrib/drivers/seata/v2/seata.go:41.19,43.3 1 0
github.com/gogf/gf/contrib/drivers/seata/v2/seata.go:45.2,51.53 4 0
github.com/gogf/gf/contrib/drivers/seata/v2/seata.go:51.53,53.3 1 0
github.com/gogf/gf/contrib/drivers/seata/v2/seata.go:56.2,56.46 1 0
github.com/gogf/gf/contrib/drivers/seata/v2/seata.go:56.46,57.49 1 0
github.com/gogf/gf/contrib/drivers/seata/v2/seata.go:57.49,59.4 1 0
github.com/gogf/gf/contrib/drivers/seata/v2/seata.go:63.2,63.25 1 0
github.com/gogf/gf/contrib/drivers/seata/v2/seata.go:63.25,64.49 1 0
github.com/gogf/gf/contrib/drivers/seata/v2/seata.go:64.49,66.4 1 0
github.com/gogf/gf/contrib/drivers/seata/v2/seata.go:70.2,70.53 1 0
github.com/gogf/gf/contrib/drivers/seata/v2/seata.go:70.53,72.3 1 0
github.com/gogf/gf/contrib/drivers/seata/v2/seata.go:74.2,77.12 3 0
github.com/gogf/gf/contrib/drivers/seata/v2/seata.go:81.65,90.2 4 0
github.com/gogf/gf/contrib/drivers/seata/v2/seata.go:93.60,111.2 6 0
github.com/gogf/gf/contrib/drivers/seata/v2/seata.go:114.60,123.2 5 0
github.com/gogf/gf/contrib/drivers/seata/v2/seata.go:126.65,129.46 1 0
github.com/gogf/gf/contrib/drivers/seata/v2/seata.go:129.46,132.65 3 0
github.com/gogf/gf/contrib/drivers/seata/v2/seata.go:132.65,134.4 1 0
github.com/gogf/gf/contrib/drivers/seata/v2/seata.go:135.3,135.54 1 0
github.com/gogf/gf/contrib/drivers/seata/v2/seata.go:139.2,139.25 1 0
github.com/gogf/gf/contrib/drivers/seata/v2/seata.go:139.25,143.3 2 0
github.com/gogf/gf/contrib/drivers/seata/v2/seata.go:145.2,145.12 1 0
github.com/gogf/gf/contrib/drivers/seata/v2/seata.go:149.26,151.2 1 1
github.com/gogf/gf/contrib/drivers/seata/v2/seata.go:154.27,156.2 1 1
github.com/gogf/gf/contrib/drivers/seata/v2/seata.go:159.40,160.25 1 1
github.com/gogf/gf/contrib/drivers/seata/v2/seata.go:160.25,162.3 1 1
github.com/gogf/gf/contrib/drivers/seata/v2/seata.go:163.2,163.37 1 0
github.com/gogf/gf/contrib/drivers/seata/v2/sql_parser.go:29.46,30.17 1 1
github.com/gogf/gf/contrib/drivers/seata/v2/sql_parser.go:30.17,35.3 2 1
github.com/gogf/gf/contrib/drivers/seata/v2/sql_parser.go:36.2,36.29 1 1
github.com/gogf/gf/contrib/drivers/seata/v2/sql_parser.go:52.34,53.11 1 1
github.com/gogf/gf/contrib/drivers/seata/v2/sql_parser.go:54.21,55.18 1 1
github.com/gogf/gf/contrib/drivers/seata/v2/sql_parser.go:56.21,57.18 1 1
github.com/gogf/gf/contrib/drivers/seata/v2/sql_parser.go:58.21,59.18 1 1
github.com/gogf/gf/contrib/drivers/seata/v2/sql_parser.go:60.21,61.18 1 1
github.com/gogf/gf/contrib/drivers/seata/v2/sql_parser.go:62.18,63.15 1 0
github.com/gogf/gf/contrib/drivers/seata/v2/sql_parser.go:64.10,65.19 1 0
github.com/gogf/gf/contrib/drivers/seata/v2/sql_parser.go:70.37,71.11 1 1
github.com/gogf/gf/contrib/drivers/seata/v2/sql_parser.go:72.16,73.23 1 1
github.com/gogf/gf/contrib/drivers/seata/v2/sql_parser.go:74.16,75.23 1 1
github.com/gogf/gf/contrib/drivers/seata/v2/sql_parser.go:76.16,77.23 1 1
github.com/gogf/gf/contrib/drivers/seata/v2/sql_parser.go:78.16,79.23 1 1
github.com/gogf/gf/contrib/drivers/seata/v2/sql_parser.go:80.13,81.20 1 0
github.com/gogf/gf/contrib/drivers/seata/v2/sql_parser.go:82.10,83.24 1 0
github.com/gogf/gf/contrib/drivers/seata/v2/sql_parser.go:93.42,97.2 1 1
github.com/gogf/gf/contrib/drivers/seata/v2/sql_parser.go:100.42,105.83 3 1
github.com/gogf/gf/contrib/drivers/seata/v2/sql_parser.go:105.83,107.3 1 1
github.com/gogf/gf/contrib/drivers/seata/v2/sql_parser.go:110.2,114.79 4 1
github.com/gogf/gf/contrib/drivers/seata/v2/sql_parser.go:114.79,116.3 1 1
github.com/gogf/gf/contrib/drivers/seata/v2/sql_parser.go:116.8,116.47 1 1
github.com/gogf/gf/contrib/drivers/seata/v2/sql_parser.go:116.47,118.3 1 1
github.com/gogf/gf/contrib/drivers/seata/v2/sql_parser.go:118.8,118.47 1 1
github.com/gogf/gf/contrib/drivers/seata/v2/sql_parser.go:118.47,120.3 1 1
github.com/gogf/gf/contrib/drivers/seata/v2/sql_parser.go:120.8,120.47 1 1
github.com/gogf/gf/contrib/drivers/seata/v2/sql_parser.go:120.47,122.3 1 1
github.com/gogf/gf/contrib/drivers/seata/v2/sql_parser.go:122.8,125.40 1 0
github.com/gogf/gf/contrib/drivers/seata/v2/sql_parser.go:125.40,127.3 1 0
github.com/gogf/gf/contrib/drivers/seata/v2/sql_parser.go:127.8,129.3 1 0
github.com/gogf/gf/contrib/drivers/seata/v2/sql_parser.go:132.2,134.16 2 1
github.com/gogf/gf/contrib/drivers/seata/v2/sql_parser.go:138.43,143.83 3 1
github.com/gogf/gf/contrib/drivers/seata/v2/sql_parser.go:143.83,145.3 1 1
github.com/gogf/gf/contrib/drivers/seata/v2/sql_parser.go:148.2,153.18 3 1
github.com/gogf/gf/contrib/drivers/seata/v2/sql_parser.go:157.55,160.17 2 1
github.com/gogf/gf/contrib/drivers/seata/v2/sql_parser.go:161.21,162.32 1 1
github.com/gogf/gf/contrib/drivers/seata/v2/sql_parser.go:163.21,164.32 1 1
github.com/gogf/gf/contrib/drivers/seata/v2/sql_parser.go:165.21,166.32 1 1
github.com/gogf/gf/contrib/drivers/seata/v2/sql_parser.go:167.21,168.32 1 1
github.com/gogf/gf/contrib/drivers/seata/v2/sql_parser.go:169.10,170.12 1 0
github.com/gogf/gf/contrib/drivers/seata/v2/sql_parser.go:177.49,181.21 3 1
github.com/gogf/gf/contrib/drivers/seata/v2/sql_parser.go:181.21,183.3 1 1
github.com/gogf/gf/contrib/drivers/seata/v2/sql_parser.go:184.2,184.11 1 0
github.com/gogf/gf/contrib/drivers/seata/v2/sql_parser.go:190.49,194.21 3 1
github.com/gogf/gf/contrib/drivers/seata/v2/sql_parser.go:194.21,196.3 1 1
github.com/gogf/gf/contrib/drivers/seata/v2/sql_parser.go:197.2,197.11 1 0
github.com/gogf/gf/contrib/drivers/seata/v2/sql_parser.go:203.49,207.21 3 1
github.com/gogf/gf/contrib/drivers/seata/v2/sql_parser.go:207.21,209.3 1 1
github.com/gogf/gf/contrib/drivers/seata/v2/sql_parser.go:210.2,210.11 1 0
github.com/gogf/gf/contrib/drivers/seata/v2/sql_parser.go:216.49,220.21 3 1
github.com/gogf/gf/contrib/drivers/seata/v2/sql_parser.go:220.21,222.3 1 1
github.com/gogf/gf/contrib/drivers/seata/v2/sql_parser.go:223.2,223.11 1 0
github.com/gogf/gf/contrib/drivers/seata/v2/sql_parser.go:227.45,234.21 3 1
github.com/gogf/gf/contrib/drivers/seata/v2/sql_parser.go:234.21,236.3 1 1
github.com/gogf/gf/contrib/drivers/seata/v2/sql_parser.go:237.2,237.11 1 1
github.com/gogf/gf/contrib/drivers/seata/v2/sql_parser.go:241.43,243.2 1 0
github.com/gogf/gf/contrib/drivers/seata/v2/sql_parser.go:246.43,251.21 3 0
github.com/gogf/gf/contrib/drivers/seata/v2/sql_parser.go:251.21,253.3 1 0
github.com/gogf/gf/contrib/drivers/seata/v2/sql_parser.go:256.2,258.21 3 0
github.com/gogf/gf/contrib/drivers/seata/v2/sql_parser.go:258.21,260.3 1 0
github.com/gogf/gf/contrib/drivers/seata/v2/sql_parser.go:262.2,262.11 1 0
github.com/gogf/gf/contrib/drivers/seata/v2/sql_parser.go:266.41,268.21 2 0
github.com/gogf/gf/contrib/drivers/seata/v2/sql_parser.go:268.21,270.3 1 0
github.com/gogf/gf/contrib/drivers/seata/v2/sql_parser.go:273.2,274.42 2 0
github.com/gogf/gf/contrib/drivers/seata/v2/sql_parser.go:279.50,283.21 3 1
github.com/gogf/gf/contrib/drivers/seata/v2/sql_parser.go:283.21,285.3 1 0
github.com/gogf/gf/contrib/drivers/seata/v2/sql_parser.go:287.2,287.17 1 1
github.com/gogf/gf/contrib/drivers/seata/v2/sql_parser.go:288.36,290.24 2 1
github.com/gogf/gf/contrib/drivers/seata/v2/sql_parser.go:290.24,293.4 1 0
github.com/gogf/gf/contrib/drivers/seata/v2/sql_parser.go:295.3,296.43 1 1
github.com/gogf/gf/contrib/drivers/seata/v2/sql_parser.go:298.10,299.12 1 1
github.com/gogf/gf/contrib/drivers/seata/v2/sql_parser.go:304.61,306.71 1 1
github.com/gogf/gf/contrib/drivers/seata/v2/sql_parser.go:306.71,308.3 1 0
github.com/gogf/gf/contrib/drivers/seata/v2/sql_parser.go:309.2,309.30 1 1
github.com/gogf/gf/contrib/drivers/seata/v2/sql_parser.go:313.40,318.2 2 1
github.com/gogf/gf/contrib/drivers/seata/v2/transaction.go:34.35,40.43 2 0
github.com/gogf/gf/contrib/drivers/seata/v2/transaction.go:40.43,43.3 2 0
github.com/gogf/gf/contrib/drivers/seata/v2/transaction.go:46.2,46.57 1 0
github.com/gogf/gf/contrib/drivers/seata/v2/transaction.go:46.57,48.17 2 0
github.com/gogf/gf/contrib/drivers/seata/v2/transaction.go:48.17,51.4 2 0
github.com/gogf/gf/contrib/drivers/seata/v2/transaction.go:52.3,53.73 2 0
github.com/gogf/gf/contrib/drivers/seata/v2/transaction.go:57.2,58.16 2 0
github.com/gogf/gf/contrib/drivers/seata/v2/transaction.go:58.16,61.22 2 0
github.com/gogf/gf/contrib/drivers/seata/v2/transaction.go:61.22,63.4 1 0
github.com/gogf/gf/contrib/drivers/seata/v2/transaction.go:64.3,64.13 1 0
github.com/gogf/gf/contrib/drivers/seata/v2/transaction.go:68.2,68.21 1 0
github.com/gogf/gf/contrib/drivers/seata/v2/transaction.go:68.21,69.80 1 0
github.com/gogf/gf/contrib/drivers/seata/v2/transaction.go:69.80,72.4 1 0
github.com/gogf/gf/contrib/drivers/seata/v2/transaction.go:75.2,76.12 2 0
github.com/gogf/gf/contrib/drivers/seata/v2/transaction.go:80.37,85.16 3 0
github.com/gogf/gf/contrib/drivers/seata/v2/transaction.go:85.16,88.3 2 0
github.com/gogf/gf/contrib/drivers/seata/v2/transaction.go:90.2,91.12 2 0
github.com/gogf/gf/contrib/drivers/seata/v2/transaction.go:95.49,96.28 1 1
github.com/gogf/gf/contrib/drivers/seata/v2/transaction.go:96.28,98.3 1 1
github.com/gogf/gf/contrib/drivers/seata/v2/transaction.go:99.2,101.55 2 1
github.com/gogf/gf/contrib/drivers/seata/v2/transaction.go:105.52,106.28 1 1
github.com/gogf/gf/contrib/drivers/seata/v2/transaction.go:106.28,108.3 1 1
github.com/gogf/gf/contrib/drivers/seata/v2/transaction.go:110.2,111.59 2 1
github.com/gogf/gf/contrib/drivers/seata/v2/transaction.go:111.59,112.38 1 1
github.com/gogf/gf/contrib/drivers/seata/v2/transaction.go:112.38,114.4 1 1
github.com/gogf/gf/contrib/drivers/seata/v2/transaction.go:115.3,115.14 1 1
github.com/gogf/gf/contrib/drivers/seata/v2/transaction.go:117.2,117.14 1 1
github.com/gogf/gf/contrib/drivers/seata/v2/transaction.go:121.42,123.58 1 0
github.com/gogf/gf/contrib/drivers/seata/v2/transaction.go:123.58,126.3 2 0
github.com/gogf/gf/contrib/drivers/seata/v2/transaction.go:129.2,137.16 3 0
github.com/gogf/gf/contrib/drivers/seata/v2/transaction.go:137.16,140.3 2 0
github.com/gogf/gf/contrib/drivers/seata/v2/transaction.go:143.2,156.16 3 0
github.com/gogf/gf/contrib/drivers/seata/v2/transaction.go:156.16,159.3 2 0
github.com/gogf/gf/contrib/drivers/seata/v2/transaction.go:161.2,162.12 2 0
github.com/gogf/gf/contrib/drivers/seata/v2/transaction.go:166.42,167.22 1 0
github.com/gogf/gf/contrib/drivers/seata/v2/transaction.go:167.22,169.3 1 0
github.com/gogf/gf/contrib/drivers/seata/v2/transaction.go:171.2,173.16 3 0
github.com/gogf/gf/contrib/drivers/seata/v2/transaction.go:173.16,176.3 1 0
github.com/gogf/gf/contrib/drivers/seata/v2/transaction.go:177.2,177.12 1 0
github.com/gogf/gf/contrib/drivers/seata/v2/transaction.go:181.52,194.16 3 0
github.com/gogf/gf/contrib/drivers/seata/v2/transaction.go:194.16,196.3 1 0
github.com/gogf/gf/contrib/drivers/seata/v2/transaction.go:198.2,198.22 1 0
github.com/gogf/gf/contrib/drivers/seata/v2/transaction.go:202.73,203.22 1 0
github.com/gogf/gf/contrib/drivers/seata/v2/transaction.go:203.22,205.3 1 0
github.com/gogf/gf/contrib/drivers/seata/v2/transaction.go:207.2,213.16 2 0
github.com/gogf/gf/contrib/drivers/seata/v2/transaction.go:213.16,215.3 1 0
github.com/gogf/gf/contrib/drivers/seata/v2/transaction.go:217.2,218.12 2 0
github.com/gogf/gf/contrib/drivers/seata/v2/transaction.go:223.46,224.58 1 1
github.com/gogf/gf/contrib/drivers/seata/v2/transaction.go:224.58,226.3 1 1
github.com/gogf/gf/contrib/drivers/seata/v2/transaction.go:229.2,231.59 2 1
github.com/gogf/gf/contrib/drivers/seata/v2/transaction.go:231.59,232.38 1 1
github.com/gogf/gf/contrib/drivers/seata/v2/transaction.go:232.38,235.65 2 1
github.com/gogf/gf/contrib/drivers/seata/v2/transaction.go:235.65,237.5 1 1
github.com/gogf/gf/contrib/drivers/seata/v2/transaction.go:237.10,237.70 1 1
github.com/gogf/gf/contrib/drivers/seata/v2/transaction.go:237.70,240.5 1 1
github.com/gogf/gf/contrib/drivers/seata/v2/transaction.go:243.4,243.25 1 1
github.com/gogf/gf/contrib/drivers/seata/v2/transaction.go:243.25,244.53 1 1
github.com/gogf/gf/contrib/drivers/seata/v2/transaction.go:244.53,246.6 1 0
github.com/gogf/gf/contrib/drivers/seata/v2/transaction.go:246.11,248.6 1 1
github.com/gogf/gf/contrib/drivers/seata/v2/transaction.go:251.3,251.14 1 1
github.com/gogf/gf/contrib/drivers/seata/v2/transaction.go:255.2,256.44 2 1
github.com/gogf/gf/contrib/drivers/seata/v2/transaction.go:256.44,257.25 1 1
github.com/gogf/gf/contrib/drivers/seata/v2/transaction.go:257.25,258.12 1 0
github.com/gogf/gf/contrib/drivers/seata/v2/transaction.go:262.3,263.31 2 1
github.com/gogf/gf/contrib/drivers/seata/v2/transaction.go:263.31,266.4 2 1
github.com/gogf/gf/contrib/drivers/seata/v2/transaction.go:269.3,270.31 2 1
github.com/gogf/gf/contrib/drivers/seata/v2/transaction.go:270.31,272.4 1 1
github.com/gogf/gf/contrib/drivers/seata/v2/transaction.go:273.3,273.96 1 1
github.com/gogf/gf/contrib/drivers/seata/v2/transaction.go:276.2,276.40 1 1
